Lanzada por el usuario Tam Tran
Running as SYSTEM
Ejecutando.en el espacio de trabajo C:\Users\tam\.jenkins\workspace\dropbox-api-postman
[dropbox-api-postman] $ cmd /c call C:\Users\tam\AppData\Local\Temp\jenkins2629537283069184087.bat

C:\Users\tam\.jenkins\workspace\dropbox-api-postman>npx newman run D:\\epam-course\\practices\\Home_tasks\\home_task-3\\API-Testing-Jenkins.postman_collection.json -e D:\\epam-course\\practices\\Home_tasks\\home_task-3\\Dropbox_env.postman_environment.json 
newman

API-Testing-Jenkins

→ Upload File
  POST https://content.dropboxapi.com/2/files/upload [200 OK, 892B, 1359ms]
  √  Successful POST request
  √  Correct name is returned 
  √  Check Json value of response
  √  Check properties of response

→ Get file's metadata
  POST https://api.dropboxapi.com/2/files/get_metadata [200 OK, 815B, 335ms]
  √  Successful POST request
  √  Correct name is returned 
  √  Check Json value of response
  √  Check properties of response

→ Delete File
  POST https://api.dropboxapi.com/2/files/delete_v2 [200 OK, 830B, 778ms]
  √  Successful POST request
  √  Correct name is returned 
  √  Check Json value of response
  √  Check properties of response

┌─────────────────────────┬─────────────────────┬─────────────────────┐
│                         │            executed │              failed │
├─────────────────────────┼─────────────────────┼─────────────────────┤
│              iterations │                   1 │                   0 │
├─────────────────────────┼─────────────────────┼─────────────────────┤
│                requests │                   3 │                   0 │
├─────────────────────────┼─────────────────────┼─────────────────────┤
│            test-scripts │                   6 │                   0 │
├─────────────────────────┼─────────────────────┼─────────────────────┤
│      prerequest-scripts │                   6 │                   0 │
├─────────────────────────┼─────────────────────┼─────────────────────┤
│              assertions │                  12 │                   0 │
├─────────────────────────┴─────────────────────┴─────────────────────┤
│ total run duration: 2.9s                                            │
├─────────────────────────────────────────────────────────────────────┤
│ total data received: 1.18kB (approx)                                │
├─────────────────────────────────────────────────────────────────────┤
│ average response time: 824ms [min: 335ms, max: 1359ms, s.d.: 419ms] │
└─────────────────────────────────────────────────────────────────────┘
Finished: SUCCESS
